50MB kraken2-fresh-bin-s6 rep1 13.39
50MB kraken2-fresh-bin-s7@1 rep1 15.69
50MB kraken2-fresh-bin-s7@4 rep1 15.46
50MB kraken2-fresh-bin-s7@8 rep1 15.34
50MB kraken2-fresh-bin-s7@16 rep1 15.57
50MB kraken2-fresh-bin-s7@32 rep1 15.45
50MB kraken2-fresh-bin-s7@64 rep1 15.50
8GB kraken2-fresh-bin-s6 rep1 15.96
8GB kraken2-fresh-bin-s7@1 rep1 20.31
8GB kraken2-fresh-bin-s7@4 rep1 20.35
8GB kraken2-fresh-bin-s7@8 rep1 20.27
8GB kraken2-fresh-bin-s7@16 rep1 20.39
8GB kraken2-fresh-bin-s7@32 rep1 20.33
8GB kraken2-fresh-bin-s7@64 rep1 20.42
50MB kraken2-fresh-bin-s6 rep2 13.39
50MB kraken2-fresh-bin-s7@1 rep2 15.58
50MB kraken2-fresh-bin-s7@4 rep2 15.60
50MB kraken2-fresh-bin-s7@8 rep2 15.45
50MB kraken2-fresh-bin-s7@16 rep2 15.41
50MB kraken2-fresh-bin-s7@32 rep2 15.42
50MB kraken2-fresh-bin-s7@64 rep2 15.47
8GB kraken2-fresh-bin-s6 rep2 15.99
8GB kraken2-fresh-bin-s7@1 rep2 20.35
8GB kraken2-fresh-bin-s7@4 rep2 20.59
8GB kraken2-fresh-bin-s7@8 rep2 20.40
8GB kraken2-fresh-bin-s7@16 rep2 20.30
8GB kraken2-fresh-bin-s7@32 rep2 20.17
8GB kraken2-fresh-bin-s7@64 rep2 20.06
DONE
